// Jest Snapshot v1, https://goo.gl/fbAQLP

exports[`NavBar component should have a matching snapshot 1`] = `
ShallowWrapper {
  Symbol(enzyme.__root__): [Circular],
  Symbol(enzyme.__unrendered__): <NavBar />,
  Symbol(enzyme.__renderer__): Object {
    "batchedUpdates": [Function],
    "getNode": [Function],
    "render": [Function],
    "simulateError": [Function],
    "simulateEvent": [Function],
    "unmount": [Function],
  },
  Symbol(enzyme.__node__): Object {
    "instance": null,
    "key": undefined,
    "nodeType": "host",
    "props": Object {
      "children": <Link
        className="navbar-brand"
        replace={false}
        to="/"
      >
        Penmates
      </Link>,
      "className": "navbar navbar-dark bg-primary fixed-top",
    },
    "ref": null,
    "rendered": Object {
      "instance": null,
      "key": undefined,
      "nodeType": "class",
      "props": Object {
        "children": "Penmates",
        "className": "navbar-brand",
        "replace": false,
        "to": "/",
      },
      "ref": null,
      "rendered": "Penmates",
      "type": [Function],
    },
    "type": "nav",
  },
  Symbol(enzyme.__nodes__): Array [
    Object {
      "instance": null,
      "key": undefined,
      "nodeType": "host",
      "props": Object {
        "children": <Link
          className="navbar-brand"
          replace={false}
          to="/"
        >
          Penmates
        </Link>,
        "className": "navbar navbar-dark bg-primary fixed-top",
      },
      "ref": null,
      "rendered": Object {
        "instance": null,
        "key": undefined,
        "nodeType": "class",
        "props": Object {
          "children": "Penmates",
          "className": "navbar-brand",
          "replace": false,
          "to": "/",
        },
        "ref": null,
        "rendered": "Penmates",
        "type": [Function],
      },
      "type": "nav",
    },
  ],
  Symbol(enzyme.__options__): Object {
    "adapter": ReactSixteenAdapter {
      "options": Object {
        "enableComponentDidUpdateOnSetState": true,
        "lifecycles": Object {
          "componentDidUpdate": Object {
            "onSetState": true,
          },
          "getDerivedStateFromProps": true,
          "getSnapshotBeforeUpdate": true,
          "setState": Object {
            "skipsComponentDidUpdateOnNullish": true,
          },
        },
      },
    },
    "attachTo": undefined,
    "hydrateIn": undefined,
  },
}
`;
